Unity Editor version:    6000.4.0f1 (8cf496087c8f)
Branch:                  6000.4/staging
Build type:              Release
Batch mode:              YES
macOS version:           Version 15.7.1 (Build 24G231)
Darwin version:          24.6.0
Architecture:            arm64
Running under Rosetta:   NO
Available memory:        65536 MB
Date:                    2026-04-14T08:48:47Z
[Licensing::Module] Trying to connect to existing licensing client channel...
[Licensing::IpcConnector] Successfully connected to: "LicenseClient-damonleehfmlaptop" at "2026-04-14T08:48:47.971747Z"

COMMAND LINE ARGUMENTS:
/Applications/Unity/Hub/Editor/6000.4.0f1-arm64/Unity.app/Contents/MacOS/Unity
-adb2
-batchMode
-noUpm
-name
AssetImportWorker1
-projectPath
/Users/damonleehfmlaptop/Documents/_CodexArea/Games/Github/MaxFMODTest/DayAndNight
-logFile
Logs/AssetImportWorker1.log
-srvPort
50705
-licensingIpc
LicenseClient-damonleehfmlaptop
-force-metal
-job-worker-count
4
-background-job-worker-count
8
-gc-helper-count
1
-name AssetImport
Successfully changed project path to: /Users/damonleehfmlaptop/Documents/_CodexArea/Games/Github/MaxFMODTest/DayAndNight
/Users/damonleehfmlaptop/Documents/_CodexArea/Games/Github/MaxFMODTest/DayAndNight
[UnityMemory] Configuration Parameters - Can be set up in boot.config
    "memorysetup-temp-allocator-size-gi-baking-worker=262144"
    "memorysetup-temp-allocator-size-gi-baking-worker=262144"
    "memorysetup-temp-allocator-size-gi-baking-worker=262144"
    "memorysetup-temp-allocator-size-gi-baking-worker=262144"
    "memorysetup-temp-allocator-size-gi-baking-worker=262144"
    "memorysetup-temp-allocator-size-nav-mesh-worker=65536"
    "memorysetup-temp-allocator-size-audio-worker=65536"
    "memorysetup-temp-allocator-size-cloud-worker=32768"
    "memorysetup-allocator-temp-initial-block-size-main=262144"
    "memorysetup-allocator-temp-initial-block-size-worker=262144"
    "memorysetup-temp-allocator-size-background-worker=32768"
    "memorysetup-temp-allocator-size-job-worker=262144"
    "memorysetup-temp-allocator-size-preload-manager=33554432"
    "memorysetup-temp-allocator-size-gfx=262144"
    "memorysetup-bucket-allocator-granularity=16"
    "memorysetup-bucket-allocator-bucket-count=8"
    "memorysetup-bucket-allocator-block-size=33554432"
    "memorysetup-bucket-allocator-block-count=8"
    "memorysetup-main-allocator-block-size=16777216"
    "memorysetup-thread-allocator-block-size=16777216"
    "memorysetup-gfx-main-allocator-block-size=16777216"
    "memorysetup-gfx-thread-allocator-block-size=16777216"
    "memorysetup-cache-allocator-block-size=4194304"
    "memorysetup-typetree-allocator-block-size=2097152"
    "memorysetup-profiler-bucket-allocator-granularity=16"
    "memorysetup-profiler-bucket-allocator-bucket-count=8"
    "memorysetup-profiler-bucket-allocator-block-size=33554432"
    "memorysetup-profiler-bucket-allocator-block-count=8"
    "memorysetup-profiler-allocator-block-size=16777216"
    "memorysetup-profiler-editor-allocator-block-size=1048576"
    "memorysetup-temp-allocator-size-main=16777216"
    "memorysetup-job-temp-allocator-block-size=2097152"
    "memorysetup-job-temp-allocator-block-size-background=1048576"
    "memorysetup-job-temp-allocator-reduction-small-platforms=262144"
Player connection [8348803392]  Target information:

Player connection [8348803392]  * "[IP] 10.172.229.49 [Port] 0 [Flags] 2 [Guid] 3294177695 [EditorId] 3294177695 [Version] 1048832 [Id] OSXEditor(0,Ds-Laptop.local) [Debug] 1 [PackageName] OSXEditor [ProjectName] Editor" 

Player connection [8348803392] Host joined multi-casting on [225.0.0.222:54997]...
Player connection [8348803392] Host joined alternative multi-casting on [225.0.0.222:34997]...
JobSystem: Creating JobQueue using job-worker-count value 4
Input System module state changed to: Initialized.
[Physics::Module] Initialized fallback backend.
[Physics::Module] Id: 0xdecafbad
Library Redirect Path: Library/
[Physics::Module] Selected backend.
[Physics::Module] Name: PhysX
[Physics::Module] Id: 0xf2b8ea05
[Physics::Module] SDK Version: 4.1.2
[Physics::Module] Integration Version: 1.0.0
[Physics::Module] Threading Mode: Multi-Threaded
Refreshing native plugins compatible for Editor in 8.94 ms, found 4 plugins.
Initialize engine version: 6000.4.0f1 (8cf496087c8f)
[Subsystems] Discovering subsystems at path /Applications/Unity/Hub/Editor/6000.4.0f1-arm64/Unity.app/Contents/Resources/UnitySubsystems
[Subsystems] Discovering subsystems at path /Users/damonleehfmlaptop/Documents/_CodexArea/Games/Github/MaxFMODTest/DayAndNight/Assets
Forcing GfxDevice: Metal
GfxDevice: creating device client; kGfxThreadingModeNonThreaded
 preferred device: Apple M1 Max (high power)
Metal devices available: 1
0: Apple M1 Max (high power)
Using device Apple M1 Max (high power)
Initializing Metal device caps: Apple M1 Max
Mac GPU Family: 2
Apple GPU Family: 7
MSL Version: 3.0
Has Float MSAA: 1
Has Float Filtering: 1
ReadWrite Texture Tier: 2
[Licensing::Client] Error: HandshakeResponse reported an error:
	ResponseCode: 505
	ResponseStatus: Unsupported protocol version '1.18.1'.
[Licensing::Module] Error: Failed to handshake to channel: "LicenseClient-damonleehfmlaptop"
[Licensing::IpcConnector] LicenseClient-damonleehfmlaptop channel disconnected successfully.
[Licensing::IpcConnector] Successfully connected to: "LicenseClient-damonleehfmlaptop-6000.4.0" at "2026-04-14T08:48:48.440858Z"
Initialize mono
Mono path[0] = '/Applications/Unity/Hub/Editor/6000.4.0f1-arm64/Unity.app/Contents/Resources/Scripting/Managed'
Mono path[1] = '/Applications/Unity/Hub/Editor/6000.4.0f1-arm64/Unity.app/Contents/Resources/Scripting/MonoBleedingEdge/lib/mono/unityjit-macos'
Mono config path = '/Applications/Unity/Hub/Editor/6000.4.0f1-arm64/Unity.app/Contents/Resources/Scripting/MonoBleedingEdge/etc'
Using monoOptions --debugger-agent=transport=dt_socket,embedding=1,server=y,suspend=n,address=127.0.0.1:56612
CodeReloadManager initialized
Begin MonoManager ReloadAssembly
Registering precompiled unity dll's ...
Register platform support module: /Applications/Unity/Hub/Editor/6000.4.0f1-arm64/Unity.app/Contents/PlaybackEngines/MacStandaloneSupport/UnityEditor.OSXStandalone.Extensions.dll
Registered in 0.000280 seconds.
[Licensing::Client] Handshaking with LicensingClient:
  Version:                 1.18.1+9fbee8e
  Session Id:              5a8ed71b3cf14b599e70421205c415bc
  Correlation Id:          d1495a0d8228ebee36cabec8f9d0a1be
  External correlation Id: 8431231759160218612
  Machine Id:              RQWzJX66tGlxT+MQhHsNHhXU48Q=
[Licensing::Module] Successfully connected to LicensingClient on channel: "LicenseClient-damonleehfmlaptop-6000.4.0" (connect: 0.00s, validation: 0.00s, handshake: 0.44s)
[Licensing::IpcConnector] Successfully connected to: "LicenseClient-damonleehfmlaptop-6000.4.0-notifications" at "2026-04-14T08:48:48.881947Z"
[Licensing::Module] Licensing Background thread has ended after 0.91s
Native extension for OSXStandalone target not found
Package Manager log level set to [2]
[Package Manager] Failed to launch server process. Reason: Unity was launched with the -noUpm command-line argument
[Package Manager] Unable to send message (not connected to server process).
[Package Manager] Cannot connect to Unity Package Manager local server
ScheduleIndexationOnStartup MainProcess:False IndexOnStartup:True
Mono: successfully reloaded assembly
- Finished resetting the current domain, in  0.308 seconds
Domain Reload Profiling: 641ms
	BeginReloadAssembly (60ms)
	RebuildCommonClasses (36ms)
	RebuildNativeTypeToScriptingClass (12ms)
	initialDomainReloadingComplete (39ms)
	LoadAllAssembliesAndSetupDomain (185ms)
		LoadAssemblies (59ms)
		AnalyzeDomain (176ms)
			TypeCache.Refresh (175ms)
				TypeCache.ScanAssembly (163ms)
	FinalizeReload (309ms)
		SetupLoadedEditorAssemblies (0ms)
			InitializePlatformSupportModulesInManaged (33ms)
			BeforeProcessingInitializeOnLoad (74ms)
			ProcessInitializeOnLoadAttributes (85ms)
			ProcessInitializeOnLoadMethodAttributes (56ms)
[CoreBusinessMetrics] Unexpected thread when updating session info.
========================================================================
Worker process is ready to serve import requests
Import Worker Mode flag is 0x00
Begin MonoManager ReloadAssembly
[Licensing::Client] Successfully resolved entitlement details
[Licensing::Module] License group:
  Id: E4-RCYQ-W574-3RC2-PJPX-XXXX
  Product: Unity Education
  Type: ULF
  Expiration: 2026-04-25T07:55:25Z
Assembly Assembly-CSharp-Editor-firstpass.dll at Library/ScriptAssemblies/Assembly-CSharp-Editor-firstpass.dll not valid. Loading of assembly skipped.
Assembly Assembly-CSharp-Editor.dll at Library/ScriptAssemblies/Assembly-CSharp-Editor.dll not valid. Loading of assembly skipped.
Assembly Assembly-CSharp-firstpass.dll at Library/ScriptAssemblies/Assembly-CSharp-firstpass.dll not valid. Loading of assembly skipped.
Assembly DocCodeExamples.dll at Library/ScriptAssemblies/DocCodeExamples.dll not valid. Loading of assembly skipped.
Assembly TestNewCustomAssembly.dll at Library/ScriptAssemblies/TestNewCustomAssembly.dll not valid. Loading of assembly skipped.
Assembly Unity.Multiplayer.Center.Editor.Tests.dll at Library/ScriptAssemblies/Unity.Multiplayer.Center.Editor.Tests.dll not valid. Loading of assembly skipped.
Assembly Unity.Multiplayer.Center.Tests.dll at Library/ScriptAssemblies/Unity.Multiplayer.Center.Tests.dll not valid. Loading of assembly skipped.
Assembly Unity.Performance.Profile-Analyzer.EditorTests.dll at Library/ScriptAssemblies/Unity.Performance.Profile-Analyzer.EditorTests.dll not valid. Loading of assembly skipped.
Assembly Unity.Settings.Tests.dll at Library/ScriptAssemblies/Unity.Settings.Tests.dll not valid. Loading of assembly skipped.
Assembly Unity.TestTools.CodeCoverage.Editor.Compatibility.dll at Library/ScriptAssemblies/Unity.TestTools.CodeCoverage.Editor.Compatibility.dll not valid. Loading of assembly skipped.
Assembly Unity.TextMeshPro.Editor.Tests.dll at Library/ScriptAssemblies/Unity.TextMeshPro.Editor.Tests.dll not valid. Loading of assembly skipped.
Assembly Unity.TextMeshPro.Tests.dll at Library/ScriptAssemblies/Unity.TextMeshPro.Tests.dll not valid. Loading of assembly skipped.
Assembly UnityEditor.UI.Common.Tests.dll at Library/ScriptAssemblies/UnityEditor.UI.Common.Tests.dll not valid. Loading of assembly skipped.
Assembly UnityEditor.UI.EditorTests.dll at Library/ScriptAssemblies/UnityEditor.UI.EditorTests.dll not valid. Loading of assembly skipped.
Assembly UnityEngine.UI.Tests.dll at Library/ScriptAssemblies/UnityEngine.UI.Tests.dll not valid. Loading of assembly skipped.
Refreshing native plugins compatible for Editor in 2.77 ms, found 4 plugins.
Native extension for OSXStandalone target not found
[Package Manager] Failed to launch server process. Reason: Unity was launched with the -noUpm command-line argument
[Package Manager] Unable to send message (not connected to server process).
[Package Manager] Cannot connect to Unity Package Manager local server
[Package Manager] Failed to launch server process. Reason: Unity was launched with the -noUpm command-line argument
[Package Manager] Unable to send message (not connected to server process).
[Package Manager] Cannot connect to Unity Package Manager local server
Refreshing native plugins compatible for Editor in 2.92 ms, found 4 plugins.
ScheduleIndexationOnStartup MainProcess:False IndexOnStartup:True
Mono: successfully reloaded assembly
- Finished resetting the current domain, in  0.448 seconds
Domain Reload Profiling: 909ms
	BeginReloadAssembly (105ms)
		DisableScriptedObjects (4ms)
		CreateAndSetChildDomain (25ms)
	RebuildCommonClasses (39ms)
	RebuildNativeTypeToScriptingClass (13ms)
	initialDomainReloadingComplete (34ms)
	LoadAllAssembliesAndSetupDomain (271ms)
		LoadAssemblies (144ms)
		AnalyzeDomain (164ms)
			TypeCache.Refresh (131ms)
				TypeCache.ScanAssembly (120ms)
			BuildScriptInfoCaches (28ms)
			ResolveRequiredComponents (4ms)
	FinalizeReload (448ms)
		SetupLoadedEditorAssemblies (0ms)
			BeforeProcessingInitializeOnLoad (98ms)
			ProcessInitializeOnLoadAttributes (195ms)
			ProcessInitializeOnLoadMethodAttributes (37ms)
Launching external process: /Applications/Unity/Hub/Editor/6000.4.0f1-arm64/Unity.app/Contents/Helpers/UnityShaderCompiler
Launched and connected shader compiler UnityShaderCompiler after 0.03 seconds
Refreshing native plugins compatible for Editor in 4.00 ms, found 4 plugins.
Unloading 0 Unused Serialized files (Serialized files now loaded: 0)
Unloading 3634 unused Assets / (0.8 MB). Loaded Objects now: 4149.
Memory consumption went from 87.1 MB to 86.3 MB.
Total: 5.773167 ms (FindLiveObjects: 0.349167 ms CreateObjectMapping: 0.111667 ms MarkObjects: 4.674917 ms  DeleteObjects: 0.636500 ms)

========================================================================
Received Import Request.
  Time since last request: 3962.665594 seconds.
  path: Assets/Plugins/FMOD/src/Editor/EditorSettings.cs
  importAddress: Guid(3c9e3e2137498d343a2e31906a12dec2) Importer(2089858483,b0f066a214c2f5e87bad3c948f4d605d)
Start importing Assets/Plugins/FMOD/src/Editor/EditorSettings.cs using Guid(3c9e3e2137498d343a2e31906a12dec2) Importer(2089858483,b0f066a214c2f5e87bad3c948f4d605d) (ScriptedImporter) -> (Import Result ID: '93e0cd6ffda91af078f32ecc7265094c') in 0.050382416 seconds [static and dynamic dependencies]. Details - ImportResultOutputID=6de16b03703485dbb550c303467f16ac DependenciesID=aa927db05ce12caad1b09db4769f0937 StaticDependenciesID=b26522470d404326437d873fa9ed1c16 
Number of updated asset objects reloaded before import = 0Number of asset objects unloaded after import = 0

========================================================================
Received Import Request.
  Time since last request: 0.000072 seconds.
  path: Assets/Plugins/FMOD/addons/Haptics/Scripts/FMODHaptics.cs
  importAddress: Guid(369c18de2bb8eba458fea38b9c7dc289) Importer(2089858483,b0f066a214c2f5e87bad3c948f4d605d)
Start importing Assets/Plugins/FMOD/addons/Haptics/Scripts/FMODHaptics.cs using Guid(369c18de2bb8eba458fea38b9c7dc289) Importer(2089858483,b0f066a214c2f5e87bad3c948f4d605d) (ScriptedImporter) -> (Import Result ID: 'fd56c0f150d5afba625ec3d318d98881') in 0.001842042 seconds [static and dynamic dependencies]. Details - ImportResultOutputID=028882e041ec795967882f8201600c5a DependenciesID=e6e5c25eb0ba5727e44c7f4130e9101f StaticDependenciesID=0b621a4c8119309daf0fd453ef84b772 
Number of updated asset objects reloaded before import = 0Number of asset objects unloaded after import = 0

========================================================================
Received Import Request.
  Time since last request: 0.000046 seconds.
  path: Assets/Plugins/FMOD/LICENSE.txt
  importAddress: Guid(80c733f5f43b51d4ba5bd75e7979f3b6) Importer(2089858483,b0f066a214c2f5e87bad3c948f4d605d)
Start importing Assets/Plugins/FMOD/LICENSE.txt using Guid(80c733f5f43b51d4ba5bd75e7979f3b6) Importer(2089858483,b0f066a214c2f5e87bad3c948f4d605d) (ScriptedImporter) -> (Import Result ID: '64cfcbe39a1d401dffefe40b3149865e') in 0.00191775 seconds [static and dynamic dependencies]. Details - ImportResultOutputID=ae551807736b67535819c09f9e0d2d1c DependenciesID=71c0edf833b507e654e771efa3bbb11b StaticDependenciesID=417683570f0f71e0691a57e689f6a8c3 
Number of updated asset objects reloaded before import = 0Number of asset objects unloaded after import = 1

========================================================================
Received Import Request.
  Time since last request: 0.000036 seconds.
  path: Assets/Plugins/FMOD/src/StudioParameterTrigger.cs
  importAddress: Guid(744a208c85da6d04c861d81b992e4ead) Importer(2089858483,b0f066a214c2f5e87bad3c948f4d605d)
Start importing Assets/Plugins/FMOD/src/StudioParameterTrigger.cs using Guid(744a208c85da6d04c861d81b992e4ead) Importer(2089858483,b0f066a214c2f5e87bad3c948f4d605d) (ScriptedImporter) -> (Import Result ID: '02a5a41eca5568c8c2f5c761a7797d19') in 0.00193 seconds [static and dynamic dependencies]. Details - ImportResultOutputID=98a924bf40a3ffacadf34c753439c3de DependenciesID=9389fc3a1167b8af256a58e38b90fede StaticDependenciesID=4b1e47262ce094ca2a86ce37b038ef76 
Number of updated asset objects reloaded before import = 0Number of asset objects unloaded after import = 0

========================================================================
Received Import Request.
  Time since last request: 0.000061 seconds.
  path: Assets/Plugins/FMOD/images/EventIcon.png
  importAddress: Guid(a602f206f9cb31f439c79a2fe23687c5) Importer(2089858483,b0f066a214c2f5e87bad3c948f4d605d)
Start importing Assets/Plugins/FMOD/images/EventIcon.png using Guid(a602f206f9cb31f439c79a2fe23687c5) Importer(2089858483,b0f066a214c2f5e87bad3c948f4d605d) (ScriptedImporter) -> (Import Result ID: '35973a2e3ace441e35edd394b358fe5b') in 0.042326375 seconds [static and dynamic dependencies]. Details - ImportResultOutputID=12334148ef4c64842c271b863cd2c9f3 DependenciesID=52ad0f362789b79825add1929a6d4931 StaticDependenciesID=9c3fb8f0b09f75204492a07af15935ea 
Number of updated asset objects reloaded before import = 0Number of asset objects unloaded after import = 1

========================================================================
Received Import Request.
  Time since last request: 0.000072 seconds.
  path: Assets/Plugins/FMOD/Cache/Editor/FMODStudioCache.asset
  importAddress: Guid(9664cd9f65f204f94a4be51a82c2b523) Importer(2089858483,b0f066a214c2f5e87bad3c948f4d605d)
Start importing Assets/Plugins/FMOD/Cache/Editor/FMODStudioCache.asset using Guid(9664cd9f65f204f94a4be51a82c2b523) Importer(2089858483,b0f066a214c2f5e87bad3c948f4d605d) (ScriptedImporter) -> (Import Result ID: '3788c56d1de21159bd67e49561c07fc8') in 0.021805583 seconds [static and dynamic dependencies]. Details - ImportResultOutputID=f5f5e5a117399e46254f8a3143cf9a6f DependenciesID=439ed76ab276bd510e67b46591018a48 StaticDependenciesID=82d96ff8cb06996c09aac19863edaf87 
Number of updated asset objects reloaded before import = 0Number of asset objects unloaded after import = 12

========================================================================
Received Import Request.
  Time since last request: 0.000113 seconds.
  path: Assets/Plugins/FMOD/images/SelectedAlt.png
  importAddress: Guid(8ce9b717b1bc7564cbe35664f2f178a7) Importer(2089858483,b0f066a214c2f5e87bad3c948f4d605d)
Start importing Assets/Plugins/FMOD/images/SelectedAlt.png using Guid(8ce9b717b1bc7564cbe35664f2f178a7) Importer(2089858483,b0f066a214c2f5e87bad3c948f4d605d) (ScriptedImporter) -> (Import Result ID: 'b8d942d79354fd052d50097f2df40668') in 0.005522416 seconds [static and dynamic dependencies]. Details - ImportResultOutputID=f016e949001ca0844bb3143482e314e5 DependenciesID=53ff6a29391a6f548df2bc623cf2c0be StaticDependenciesID=351dd43dbcbefda6c28fe4cef4e0d4a0 
Number of updated asset objects reloaded before import = 0Number of asset objects unloaded after import = 1

========================================================================
Received Import Request.
  Time since last request: 0.000072 seconds.
  path: Assets/Plugins/FMOD/src/EventRefAttribute.cs
  importAddress: Guid(1b29a1189268c3b47aa2ec4b96a9e7ef) Importer(2089858483,b0f066a214c2f5e87bad3c948f4d605d)
Start importing Assets/Plugins/FMOD/src/EventRefAttribute.cs using Guid(1b29a1189268c3b47aa2ec4b96a9e7ef) Importer(2089858483,b0f066a214c2f5e87bad3c948f4d605d) (ScriptedImporter) -> (Import Result ID: '08e319a10763381ba7b2fb18d9c21277') in 0.001652083 seconds [static and dynamic dependencies]. Details - ImportResultOutputID=6e884de6dc3d5e553ac706949d544898 DependenciesID=8e77410311c8f865a5fa9daffea4f92e StaticDependenciesID=2b2735ab7ba51bf074cc1a98eb0426cf 
Number of updated asset objects reloaded before import = 0Number of asset objects unloaded after import = 0

========================================================================
Received Import Request.
  Time since last request: 0.000044 seconds.
  path: Assets/Plugins/FMOD/src/Editor/StudioBankLoaderEditor.cs
  importAddress: Guid(f7f61e03a350e1e428dba6c562f3d64a) Importer(2089858483,b0f066a214c2f5e87bad3c948f4d605d)
Start importing Assets/Plugins/FMOD/src/Editor/StudioBankLoaderEditor.cs using Guid(f7f61e03a350e1e428dba6c562f3d64a) Importer(2089858483,b0f066a214c2f5e87bad3c948f4d605d) (ScriptedImporter) -> (Import Result ID: '0c7d345360ac1f7a044ae1c0c2e9a95a') in 0.001380666 seconds [static and dynamic dependencies]. Details - ImportResultOutputID=97748e35a12428f9de1c7a45f209c929 DependenciesID=ef6626a75e33464d7f1bd525b6d4e6b0 StaticDependenciesID=2adc4b0ddb1c946f097e3265ef29953d 
Number of updated asset objects reloaded before import = 0Number of asset objects unloaded after import = 0

========================================================================
Received Import Request.
  Time since last request: 0.000042 seconds.
  path: Assets/Plugins/FMOD/images/Preview.png
  importAddress: Guid(0793eda432fc5df4ab1291e6baacd771) Importer(2089858483,b0f066a214c2f5e87bad3c948f4d605d)
Start importing Assets/Plugins/FMOD/images/Preview.png using Guid(0793eda432fc5df4ab1291e6baacd771) Importer(2089858483,b0f066a214c2f5e87bad3c948f4d605d) (ScriptedImporter) -> (Import Result ID: 'c629492a0458f7b656e432dd7173c8ef') in 0.004421084 seconds [static and dynamic dependencies]. Details - ImportResultOutputID=b84f9ae2e2580d20c39bccfe2afc687d DependenciesID=ec89adcb936e00ae0cf088156fbc2158 StaticDependenciesID=96d4aa10cca0da6bbcd12e8ddc585e43 
Number of updated asset objects reloaded before import = 0Number of asset objects unloaded after import = 1

========================================================================
Received Import Request.
  Time since last request: 0.000063 seconds.
  path: Assets/Plugins/FMOD/images/CopyIcon.png
  importAddress: Guid(6e164dcb85fc8ad4b9ab2f1e883862d2) Importer(2089858483,b0f066a214c2f5e87bad3c948f4d605d)
Start importing Assets/Plugins/FMOD/images/CopyIcon.png using Guid(6e164dcb85fc8ad4b9ab2f1e883862d2) Importer(2089858483,b0f066a214c2f5e87bad3c948f4d605d) (ScriptedImporter) -> (Import Result ID: 'ddb77827863125d8972890008f2b56cd') in 0.003825542 seconds [static and dynamic dependencies]. Details - ImportResultOutputID=d142c1a7df40b0116a8eaca16c3d6c50 DependenciesID=717cf9bfa0ccf38a65464806c551dbe4 StaticDependenciesID=3d89dadf0d2e888b985ad9d88470dd62 
Number of updated asset objects reloaded before import = 0Number of asset objects unloaded after import = 1

========================================================================
Received Import Request.
  Time since last request: 0.000042 seconds.
  path: Assets/Plugins/FMOD/platforms/tvos/src/PlatformAppleTV.cs
  importAddress: Guid(17eea195bdfbf014e91ba7620ee491f8) Importer(2089858483,b0f066a214c2f5e87bad3c948f4d605d)
Start importing Assets/Plugins/FMOD/platforms/tvos/src/PlatformAppleTV.cs using Guid(17eea195bdfbf014e91ba7620ee491f8) Importer(2089858483,b0f066a214c2f5e87bad3c948f4d605d) (ScriptedImporter) -> (Import Result ID: 'b66eaf00ab0ad578d0b67de5e45b5465') in 0.001506833 seconds [static and dynamic dependencies]. Details - ImportResultOutputID=7e82e472bada3e94f5e4a93b573a9817 DependenciesID=7214fac352e844231aba36e113f86551 StaticDependenciesID=61f7e0f2787d63bc6ad49d0a576b2838 
Number of updated asset objects reloaded before import = 0Number of asset objects unloaded after import = 0

========================================================================
Received Import Request.
  Time since last request: 0.000031 seconds.
  path: Assets/Plugins/FMOD/platforms/ios/lib/libfmodstudiounitypluginsimulatorL.a
  importAddress: Guid(9aed261b7fbc24099a9b58cbbf374583) Importer(2089858483,b0f066a214c2f5e87bad3c948f4d605d)
Start importing Assets/Plugins/FMOD/platforms/ios/lib/libfmodstudiounitypluginsimulatorL.a using Guid(9aed261b7fbc24099a9b58cbbf374583) Importer(2089858483,b0f066a214c2f5e87bad3c948f4d605d) (ScriptedImporter) -> (Import Result ID: 'bfe00623216d247988e03b95f37cabae') in 0.00275775 seconds [static and dynamic dependencies]. Details - ImportResultOutputID=7c2799792b9708ad7753e6cc22b00520 DependenciesID=16d146195e8db81ba926133bafef75bb StaticDependenciesID=030198ecf29e8fde6540e5e12f31e682 
Number of updated asset objects reloaded before import = 0Number of asset objects unloaded after import = 0

========================================================================
Received Import Request.
  Time since last request: 0.000062 seconds.
  path: Assets/Plugins/FMOD/platforms/mac/src/PlatformMac.cs
  importAddress: Guid(d92d0baf34dae0e4ea032a42bd6107c0) Importer(2089858483,b0f066a214c2f5e87bad3c948f4d605d)
Start importing Assets/Plugins/FMOD/platforms/mac/src/PlatformMac.cs using Guid(d92d0baf34dae0e4ea032a42bd6107c0) Importer(2089858483,b0f066a214c2f5e87bad3c948f4d605d) (ScriptedImporter) -> (Import Result ID: '057612e54836ca80f6503cf9672e8c50') in 0.002337791 seconds [static and dynamic dependencies]. Details - ImportResultOutputID=8bc6ded6b8207da4d53a9a5fe3b9aac8 DependenciesID=723997f4cfeb66447edceb4d93b85312 StaticDependenciesID=6a83800ac0e08250afa90fc461f823db 
Number of updated asset objects reloaded before import = 0Number of asset objects unloaded after import = 0

========================================================================
Received Import Request.
  Time since last request: 0.285697 seconds.
  path: Assets/Plugins/FMOD/platforms/visionos/lib/libresonanceaudio_xros.a
  importAddress: Guid(c56aac88d64894d01a74d1cf8f609da6) Importer(2089858483,b0f066a214c2f5e87bad3c948f4d605d)
Start importing Assets/Plugins/FMOD/platforms/visionos/lib/libresonanceaudio_xros.a using Guid(c56aac88d64894d01a74d1cf8f609da6) Importer(2089858483,b0f066a214c2f5e87bad3c948f4d605d) (ScriptedImporter) -> (Import Result ID: 'bd1f7d38e4be8f69001b894308898e4d') in 0.0024535 seconds [static and dynamic dependencies]. Details - ImportResultOutputID=3e6cfb5c78741a16f51da5d3eee75a63 DependenciesID=02226365dd254f3744f9928505f686a2 StaticDependenciesID=0e7bdf97359249da844659f6c45df479 
Number of updated asset objects reloaded before import = 0Number of asset objects unloaded after import = 0

========================================================================
Received Import Request.
  Time since last request: 0.000076 seconds.
  path: Assets/Plugins/FMOD/platforms/html5/lib/2.0.19/libfmodstudio.a
  importAddress: Guid(18569240b868e8b44a20d32b2df12f5c) Importer(2089858483,b0f066a214c2f5e87bad3c948f4d605d)
Start importing Assets/Plugins/FMOD/platforms/html5/lib/2.0.19/libfmodstudio.a using Guid(18569240b868e8b44a20d32b2df12f5c) Importer(2089858483,b0f066a214c2f5e87bad3c948f4d605d) (ScriptedImporter) -> (Import Result ID: 'afff8191c5b98ac32968f0525da02d1d') in 0.001488792 seconds [static and dynamic dependencies]. Details - ImportResultOutputID=0bc418f6f622c84fdb92cdcd73332be0 DependenciesID=3a52a71e4866fc19b060c4c96b66de18 StaticDependenciesID=092ea91d19b2a661abcb0d20778c1d56 
Number of updated asset objects reloaded before import = 0Number of asset objects unloaded after import = 0

========================================================================
Received Import Request.
  Time since last request: 0.000038 seconds.
  path: Assets/Plugins/FMOD/platforms/visionos/src/PlatformVisionOS.cs
  importAddress: Guid(8f591a193113347409efedcc618e83d6) Importer(2089858483,b0f066a214c2f5e87bad3c948f4d605d)
Start importing Assets/Plugins/FMOD/platforms/visionos/src/PlatformVisionOS.cs using Guid(8f591a193113347409efedcc618e83d6) Importer(2089858483,b0f066a214c2f5e87bad3c948f4d605d) (ScriptedImporter) -> (Import Result ID: '528acd62d9fd93a96702ec96b98ce750') in 0.00130875 seconds [static and dynamic dependencies]. Details - ImportResultOutputID=c80040261c6104076698552ee8e9aa7e DependenciesID=ae250fe5dbb73accfc3ebd30e372fbf7 StaticDependenciesID=fe624f1ae686b95d39d846515a4ce59c 
Number of updated asset objects reloaded before import = 0Number of asset objects unloaded after import = 0

========================================================================
Received Import Request.
  Time since last request: 0.000081 seconds.
  path: Assets/Plugins/FMOD/platforms/linux/lib/x86_64/libfmodstudioL.so
  importAddress: Guid(11a65aba341e0443f98fd65e4c3b2299) Importer(2089858483,b0f066a214c2f5e87bad3c948f4d605d)
Start importing Assets/Plugins/FMOD/platforms/linux/lib/x86_64/libfmodstudioL.so using Guid(11a65aba341e0443f98fd65e4c3b2299) Importer(2089858483,b0f066a214c2f5e87bad3c948f4d605d) (ScriptedImporter) -> (Import Result ID: 'ec0b4cd896ba8050189edca8eefd3da2') in 0.001871041 seconds [static and dynamic dependencies]. Details - ImportResultOutputID=1f7b05e7b2808bc8bfd8bd241a121421 DependenciesID=2262a8175e44384352775b520f7452cb StaticDependenciesID=555dddb54a8c540417c23a7e64eb558d 
Number of updated asset objects reloaded before import = 0Number of asset objects unloaded after import = 0

========================================================================
Received Import Request.
  Time since last request: 0.000030 seconds.
  path: Assets/Plugins/FMOD/platforms/android/lib/x86_64/libfmodstudioL.so
  importAddress: Guid(9a5fc9953c8c261488bf0cb6c202e04b) Importer(2089858483,b0f066a214c2f5e87bad3c948f4d605d)
Start importing Assets/Plugins/FMOD/platforms/android/lib/x86_64/libfmodstudioL.so using Guid(9a5fc9953c8c261488bf0cb6c202e04b) Importer(2089858483,b0f066a214c2f5e87bad3c948f4d605d) (ScriptedImporter) -> (Import Result ID: 'c50a3d52f3be5b60acfa868f77b430ef') in 0.001540083 seconds [static and dynamic dependencies]. Details - ImportResultOutputID=0915e50c1efa75907bd68ed00eb88e4b DependenciesID=24ba6d62ac06fa4a610b50f973752f90 StaticDependenciesID=9efdc0d0fb6a7e9518dc388b02ebe953 
Number of updated asset objects reloaded before import = 0Number of asset objects unloaded after import = 0

========================================================================
Received Import Request.
  Time since last request: 0.000053 seconds.
  path: Assets/Plugins/FMOD/platforms/visionos/lib/libresonanceaudio_xrsimulator.a
  importAddress: Guid(ab84f09ed56d54cd3867c72395f7658c) Importer(2089858483,b0f066a214c2f5e87bad3c948f4d605d)
Start importing Assets/Plugins/FMOD/platforms/visionos/lib/libresonanceaudio_xrsimulator.a using Guid(ab84f09ed56d54cd3867c72395f7658c) Importer(2089858483,b0f066a214c2f5e87bad3c948f4d605d) (ScriptedImporter) -> (Import Result ID: '1f977ffcb60be2213b8670749f106f3a') in 0.001497959 seconds [static and dynamic dependencies]. Details - ImportResultOutputID=d7d3ea1c7672ad89b6e0ac1f9f203a32 DependenciesID=d040b6659821d162a3661ec503e85f21 StaticDependenciesID=1c6f51889c2ab47cc991058051a630bd 
Number of updated asset objects reloaded before import = 0Number of asset objects unloaded after import = 0

========================================================================
Received Import Request.
  Time since last request: 0.000047 seconds.
  path: Assets/Plugins/FMOD/platforms/linux/lib/x86_64/libfmod_haptics.so
  importAddress: Guid(77fe4a7edb1590848943702df0444855) Importer(2089858483,b0f066a214c2f5e87bad3c948f4d605d)
Start importing Assets/Plugins/FMOD/platforms/linux/lib/x86_64/libfmod_haptics.so using Guid(77fe4a7edb1590848943702df0444855) Importer(2089858483,b0f066a214c2f5e87bad3c948f4d605d) (ScriptedImporter) -> (Import Result ID: '7c5cb557fcd0caf6ce9169617bdb03f9') in 0.001676083 seconds [static and dynamic dependencies]. Details - ImportResultOutputID=7213a2acc36d7dac13015093b4147bb9 DependenciesID=4122b5bc9b2bdc3d4e132d73ac2f2c2e StaticDependenciesID=247b047cbfd189c05d5a93e71ae2ba64 
Number of updated asset objects reloaded before import = 0Number of asset objects unloaded after import = 0

========================================================================
Received Import Request.
  Time since last request: 0.000040 seconds.
  path: Assets/Plugins/FMOD/platforms/win/src/PlatformWindows.cs
  importAddress: Guid(9660e62d6232af242877f0cc2b90c63d) Importer(2089858483,b0f066a214c2f5e87bad3c948f4d605d)
Start importing Assets/Plugins/FMOD/platforms/win/src/PlatformWindows.cs using Guid(9660e62d6232af242877f0cc2b90c63d) Importer(2089858483,b0f066a214c2f5e87bad3c948f4d605d) (ScriptedImporter) -> (Import Result ID: '3cc89901265e7472598e205340380022') in 0.001329416 seconds [static and dynamic dependencies]. Details - ImportResultOutputID=146084cde6f0156ee4e29b4cbf8ada47 DependenciesID=d4307cbd209f9a236aff54670499bac3 StaticDependenciesID=701ede678edef91dcdad9da032fa07c3 
Number of updated asset objects reloaded before import = 0Number of asset objects unloaded after import = 0

========================================================================
Received Import Request.
  Time since last request: 0.000071 seconds.
  path: Assets/Plugins/FMOD/platforms/android/lib/x86_64/libresonanceaudio.so
  importAddress: Guid(295b4c80a560c81409d44c273128b743) Importer(2089858483,b0f066a214c2f5e87bad3c948f4d605d)
Start importing Assets/Plugins/FMOD/platforms/android/lib/x86_64/libresonanceaudio.so using Guid(295b4c80a560c81409d44c273128b743) Importer(2089858483,b0f066a214c2f5e87bad3c948f4d605d) (ScriptedImporter) -> (Import Result ID: 'c438bfafc5dd7372a4773cec9fade04d') in 0.001522334 seconds [static and dynamic dependencies]. Details - ImportResultOutputID=7904df357f6b997d33602b54d57b8c63 DependenciesID=1279f1425d08f0abc3ce810440ac58a0 StaticDependenciesID=10d54586456df94adcf993b32877f144 
Number of updated asset objects reloaded before import = 0Number of asset objects unloaded after import = 0

========================================================================
Received Import Request.
  Time since last request: 0.000050 seconds.
  path: Assets/Plugins/FMOD/platforms/html5/lib/3.1.39/libfmodstudio.a
  importAddress: Guid(c74d44e6ba102764fb85c6dc1e6d4168) Importer(2089858483,b0f066a214c2f5e87bad3c948f4d605d)
Start importing Assets/Plugins/FMOD/platforms/html5/lib/3.1.39/libfmodstudio.a using Guid(c74d44e6ba102764fb85c6dc1e6d4168) Importer(2089858483,b0f066a214c2f5e87bad3c948f4d605d) (ScriptedImporter) -> (Import Result ID: '6e9fed665d2af6f179d0b87162be8657') in 0.001305708 seconds [static and dynamic dependencies]. Details - ImportResultOutputID=962589c648c069d2ea2f23cde424ab56 DependenciesID=6dac9ce5b0d421dbf07305d719936b96 StaticDependenciesID=9bf29657a53c5b846dc1e9460d479906 
Number of updated asset objects reloaded before import = 0Number of asset objects unloaded after import = 0

========================================================================
Received Import Request.
  Time since last request: 0.000046 seconds.
  path: Assets/Plugins/FMOD/platforms/html5/lib/2.0.19/libfmodstudioL.a
  importAddress: Guid(072de5b62d53c944fa2bae4cc3cd1754) Importer(2089858483,b0f066a214c2f5e87bad3c948f4d605d)
Start importing Assets/Plugins/FMOD/platforms/html5/lib/2.0.19/libfmodstudioL.a using Guid(072de5b62d53c944fa2bae4cc3cd1754) Importer(2089858483,b0f066a214c2f5e87bad3c948f4d605d) (ScriptedImporter) -> (Import Result ID: '2282fc268805e9c63d9b9fd3f8e81379') in 0.001232 seconds [static and dynamic dependencies]. Details - ImportResultOutputID=ffdf091f8f387d8856b6b59aaf15b776 DependenciesID=139cfff8fe801935f7af32566cfb820e StaticDependenciesID=41e915e6be3422b2ce295b4a850fd142 
Number of updated asset objects reloaded before import = 0Number of asset objects unloaded after import = 0

========================================================================
Received Import Request.
  Time since last request: 0.000041 seconds.
  path: Assets/Plugins/FMOD/platforms/uwp/lib/x64/fmod.dll
  importAddress: Guid(68f9a982a926833498d438319388a455) Importer(2089858483,b0f066a214c2f5e87bad3c948f4d605d)
Start importing Assets/Plugins/FMOD/platforms/uwp/lib/x64/fmod.dll using Guid(68f9a982a926833498d438319388a455) Importer(2089858483,b0f066a214c2f5e87bad3c948f4d605d) (ScriptedImporter) -> (Import Result ID: 'cec438ff9153422777ee6d009c76fcef') in 0.001586375 seconds [static and dynamic dependencies]. Details - ImportResultOutputID=0878cbf54d9b2bae01108a33ecddb595 DependenciesID=31b94c7d6424adce107161b65a018554 StaticDependenciesID=a0877d7f9d999190e5eab88d0df75cb4 
Number of updated asset objects reloaded before import = 0Number of asset objects unloaded after import = 0

========================================================================
Received Import Request.
  Time since last request: 0.000056 seconds.
  path: Assets/Plugins/FMOD/platforms/android/lib/armeabi-v7a/libfmodL.so
  importAddress: Guid(0e95029f987dfa248934eaa63745b504) Importer(2089858483,b0f066a214c2f5e87bad3c948f4d605d)
Start importing Assets/Plugins/FMOD/platforms/android/lib/armeabi-v7a/libfmodL.so using Guid(0e95029f987dfa248934eaa63745b504) Importer(2089858483,b0f066a214c2f5e87bad3c948f4d605d) (ScriptedImporter) -> (Import Result ID: '94caa310694954f846c5263e549ef987') in 0.001409458 seconds [static and dynamic dependencies]. Details - ImportResultOutputID=377b9f7fe4ebeedfc00d621cd059dcae DependenciesID=39c27ec81eeab1d4db773ae06155b72e StaticDependenciesID=4062705c2145229b981971817895efb6 
Number of updated asset objects reloaded before import = 0Number of asset objects unloaded after import = 0

========================================================================
Received Import Request.
  Time since last request: 0.000048 seconds.
  path: Assets/Plugins/FMOD/platforms/win/lib/x86/fmodstudio.dll
  importAddress: Guid(1550e5c882b8c2445a1f14f8b1b23d41) Importer(2089858483,b0f066a214c2f5e87bad3c948f4d605d)
Start importing Assets/Plugins/FMOD/platforms/win/lib/x86/fmodstudio.dll using Guid(1550e5c882b8c2445a1f14f8b1b23d41) Importer(2089858483,b0f066a214c2f5e87bad3c948f4d605d) (ScriptedImporter) -> (Import Result ID: '756c268584a22889355c2f7f08535d8f') in 0.001666542 seconds [static and dynamic dependencies]. Details - ImportResultOutputID=b1818353aa16fff67fddaa62c57ff466 DependenciesID=4112a14ce6ef50014d8a693d62d98768 StaticDependenciesID=42476c78044db62c0bf65b2cfa45d12d 
Number of updated asset objects reloaded before import = 0Number of asset objects unloaded after import = 0

========================================================================
Received Import Request.
  Time since last request: 0.000039 seconds.
  path: Assets/Plugins/FMOD/platforms/android/lib/x86_64/libfmodstudio.so
  importAddress: Guid(8c078c4748d95c2489bb3b82aa144194) Importer(2089858483,b0f066a214c2f5e87bad3c948f4d605d)
Start importing Assets/Plugins/FMOD/platforms/android/lib/x86_64/libfmodstudio.so using Guid(8c078c4748d95c2489bb3b82aa144194) Importer(2089858483,b0f066a214c2f5e87bad3c948f4d605d) (ScriptedImporter) -> (Import Result ID: '20b8dc3153e383cd9617f522ce93a7cc') in 0.001376542 seconds [static and dynamic dependencies]. Details - ImportResultOutputID=646248b1585c160c8383262f34d1cb80 DependenciesID=61e01c3f3c28a299216c6de41b4cee65 StaticDependenciesID=7fb9f20d417a4d1a5cd76bc1c6635a31 
Number of updated asset objects reloaded before import = 0Number of asset objects unloaded after import = 0

========================================================================
Received Import Request.
  Time since last request: 0.000038 seconds.
  path: Assets/Plugins/FMOD/platforms/uwp/lib/arm/fmodstudio.dll
  importAddress: Guid(a7c1eb40b6cc0b8468c161b5ba9a6df6) Importer(2089858483,b0f066a214c2f5e87bad3c948f4d605d)
Start importing Assets/Plugins/FMOD/platforms/uwp/lib/arm/fmodstudio.dll using Guid(a7c1eb40b6cc0b8468c161b5ba9a6df6) Importer(2089858483,b0f066a214c2f5e87bad3c948f4d605d) (ScriptedImporter) -> (Import Result ID: '721f2f417a9a7dbe4493d3a94935c58a') in 0.001587417 seconds [static and dynamic dependencies]. Details - ImportResultOutputID=421fc979b1f200e483720037a833a548 DependenciesID=81c474628d0bdfaf0acc225c573a3b74 StaticDependenciesID=ee9fcb0740ed64a5c52a66ad56613947 
Number of updated asset objects reloaded before import = 0Number of asset objects unloaded after import = 0

========================================================================
Received Import Request.
  Time since last request: 0.000048 seconds.
  path: Assets/Plugins/FMOD/platforms/win/lib/x86_64/fmodstudio.dll
  importAddress: Guid(684d4d47a018ed14080e15f4c99b8e86) Importer(2089858483,b0f066a214c2f5e87bad3c948f4d605d)
Start importing Assets/Plugins/FMOD/platforms/win/lib/x86_64/fmodstudio.dll using Guid(684d4d47a018ed14080e15f4c99b8e86) Importer(2089858483,b0f066a214c2f5e87bad3c948f4d605d) (ScriptedImporter) -> (Import Result ID: 'cce978098a58bcc5315ff5a57cb0915d') in 0.001494333 seconds [static and dynamic dependencies]. Details - ImportResultOutputID=14c115973be517794393e03a77d2c5d5 DependenciesID=396b6f49682128d179f9d9b7963746ee StaticDependenciesID=de50ebbc64b01b5d75ef79ab2fd7ec61 
Number of updated asset objects reloaded before import = 0Number of asset objects unloaded after import = 0

========================================================================
Received Import Request.
  Time since last request: 0.000044 seconds.
  path: Assets/Plugins/FMOD/platforms/html5/lib/3.1.8/libfmodstudio.a
  importAddress: Guid(e52d91a08688cb04695051b8a87a82bd) Importer(2089858483,b0f066a214c2f5e87bad3c948f4d605d)
Start importing Assets/Plugins/FMOD/platforms/html5/lib/3.1.8/libfmodstudio.a using Guid(e52d91a08688cb04695051b8a87a82bd) Importer(2089858483,b0f066a214c2f5e87bad3c948f4d605d) (ScriptedImporter) -> (Import Result ID: 'f0f57c19264852170423beea13efd120') in 0.001406667 seconds [static and dynamic dependencies]. Details - ImportResultOutputID=251aebbfb80d7434439efdc362820f6a DependenciesID=a6d4251e77292dc44f481509229a9e84 StaticDependenciesID=95c5d8076a958c59be9c46be2ccf2990 
Number of updated asset objects reloaded before import = 0Number of asset objects unloaded after import = 0

========================================================================
Received Import Request.
  Time since last request: 0.000080 seconds.
  path: Assets/Plugins/FMOD/platforms/android/lib/x86/libresonanceaudio.so
  importAddress: Guid(5c35d7fa6769b114aa63172aaf1fd782) Importer(2089858483,b0f066a214c2f5e87bad3c948f4d605d)
Start importing Assets/Plugins/FMOD/platforms/android/lib/x86/libresonanceaudio.so using Guid(5c35d7fa6769b114aa63172aaf1fd782) Importer(2089858483,b0f066a214c2f5e87bad3c948f4d605d) (ScriptedImporter) -> (Import Result ID: '32158e72cf463951ba66386f49a73a81') in 0.001382584 seconds [static and dynamic dependencies]. Details - ImportResultOutputID=3ba03f553cd9afb0fe00a3fe9e04fcea DependenciesID=464dbd44d4a1c5bd0411221e858c3c57 StaticDependenciesID=625221e8886d5b3da86e813b887128bc 
Number of updated asset objects reloaded before import = 0Number of asset objects unloaded after import = 0

========================================================================
Received Import Request.
  Time since last request: 0.000039 seconds.
  path: Assets/Plugins/FMOD/platforms/uwp/lib/x86/fmod.dll
  importAddress: Guid(39f9a761a2a032045a853a069db31081) Importer(2089858483,b0f066a214c2f5e87bad3c948f4d605d)
Start importing Assets/Plugins/FMOD/platforms/uwp/lib/x86/fmod.dll using Guid(39f9a761a2a032045a853a069db31081) Importer(2089858483,b0f066a214c2f5e87bad3c948f4d605d) (ScriptedImporter) -> (Import Result ID: '399b1be6d2a3d7bd78a1e984bcdad73f') in 0.001634959 seconds [static and dynamic dependencies]. Details - ImportResultOutputID=52c095f2640978a0bef27c598af4ef76 DependenciesID=8e05f311a5a3ffd14669ccaf777a211d StaticDependenciesID=7a23c66e2c177c0c70b63bdc01d99385 
Number of updated asset objects reloaded before import = 0Number of asset objects unloaded after import = 0

========================================================================
Received Import Request.
  Time since last request: 0.000030 seconds.
  path: Assets/Plugins/FMOD/platforms/uwp/lib/arm/fmod.dll
  importAddress: Guid(907f4331811d73442b58d50627a775d4) Importer(2089858483,b0f066a214c2f5e87bad3c948f4d605d)
Start importing Assets/Plugins/FMOD/platforms/uwp/lib/arm/fmod.dll using Guid(907f4331811d73442b58d50627a775d4) Importer(2089858483,b0f066a214c2f5e87bad3c948f4d605d) (ScriptedImporter) -> (Import Result ID: 'e2131299b73e2b33abfa08dedc19c898') in 0.001452917 seconds [static and dynamic dependencies]. Details - ImportResultOutputID=f44e4f63027b906384638398a8be768d DependenciesID=48b6832d3f09f3260a8a6757cd3476f9 StaticDependenciesID=b54c34c54af1b2dc144fa28d11142751 
Number of updated asset objects reloaded before import = 0Number of asset objects unloaded after import = 0

========================================================================
Received Import Request.
  Time since last request: 0.000043 seconds.
  path: Assets/Plugins/FMOD/platforms/uwp/lib/x86/fmodL.dll
  importAddress: Guid(243e8fba07980f74b8d49ef345dadd64) Importer(2089858483,b0f066a214c2f5e87bad3c948f4d605d)
Start importing Assets/Plugins/FMOD/platforms/uwp/lib/x86/fmodL.dll using Guid(243e8fba07980f74b8d49ef345dadd64) Importer(2089858483,b0f066a214c2f5e87bad3c948f4d605d) (ScriptedImporter) -> (Import Result ID: '561c386928e84fec5a60f54547383626') in 0.001462167 seconds [static and dynamic dependencies]. Details - ImportResultOutputID=3dbd8f90cd67efa06c47f6abf68e3b2c DependenciesID=6b11146b5dffbf8708e8ad80b3641b80 StaticDependenciesID=b9eb00bab02fb58d07cdee74ad7b1714 
Number of updated asset objects reloaded before import = 0Number of asset objects unloaded after import = 0

========================================================================
Received Import Request.
  Time since last request: 0.000031 seconds.
  path: Assets/Plugins/FMOD/platforms/android/lib/x86_64/libfmodL.so
  importAddress: Guid(51dea0d403c47f345a6efe70b23fe6e3) Importer(2089858483,b0f066a214c2f5e87bad3c948f4d605d)
Start importing Assets/Plugins/FMOD/platforms/android/lib/x86_64/libfmodL.so using Guid(51dea0d403c47f345a6efe70b23fe6e3) Importer(2089858483,b0f066a214c2f5e87bad3c948f4d605d) (ScriptedImporter) -> (Import Result ID: 'c44ff83c3cc7600026810b2b9d240ee1') in 0.00240125 seconds [static and dynamic dependencies]. Details - ImportResultOutputID=0a27a663fee64c78e8212e4edf90b015 DependenciesID=2ec1ba8d987dbfa82bd1e4308b5e8ada StaticDependenciesID=f0befdb979efa0ff95629264587576c4 
Number of updated asset objects reloaded before import = 0Number of asset objects unloaded after import = 0

========================================================================
Received Import Request.
  Time since last request: 0.000057 seconds.
  path: Assets/Plugins/FMOD/platforms/android/lib/arm64-v8a/libfmod.so
  importAddress: Guid(159cb3726937c6c498fa49eb627b0d96) Importer(2089858483,b0f066a214c2f5e87bad3c948f4d605d)
Start importing Assets/Plugins/FMOD/platforms/android/lib/arm64-v8a/libfmod.so using Guid(159cb3726937c6c498fa49eb627b0d96) Importer(2089858483,b0f066a214c2f5e87bad3c948f4d605d) (ScriptedImporter) -> (Import Result ID: 'a0ed438f28f483613b16b77b0464bebe') in 0.001498083 seconds [static and dynamic dependencies]. Details - ImportResultOutputID=1bda4b014b4cd8359502b829e19dccc4 DependenciesID=b63850b59fd982beb6bed6a56903ba4f StaticDependenciesID=535a64dbfed968572c9261ddb81482ac 
Number of updated asset objects reloaded before import = 0Number of asset objects unloaded after import = 0

========================================================================
Received Import Request.
  Time since last request: 0.000076 seconds.
  path: Assets/Plugins/FMOD/platforms/android/lib/armeabi-v7a/libfmod.so
  importAddress: Guid(f71c8f89be7646142baed6d482d5e89c) Importer(2089858483,b0f066a214c2f5e87bad3c948f4d605d)
Start importing Assets/Plugins/FMOD/platforms/android/lib/armeabi-v7a/libfmod.so using Guid(f71c8f89be7646142baed6d482d5e89c) Importer(2089858483,b0f066a214c2f5e87bad3c948f4d605d) (ScriptedImporter) -> (Import Result ID: 'db0892caf0675a4e5f5b3b8596c841b7') in 0.001322125 seconds [static and dynamic dependencies]. Details - ImportResultOutputID=9a1709111151f7ed1bdebd9ebf21821d DependenciesID=28ed6193f5794aeb89a1877cfe9d9041 StaticDependenciesID=e77573f8f9b63d98f839921f6f564efb 
Number of updated asset objects reloaded before import = 0Number of asset objects unloaded after import = 0

========================================================================
Received Import Request.
  Time since last request: 0.000042 seconds.
  path: Assets/Plugins/FMOD/platforms/html5/lib/3.1.39/libfmodstudioL.a
  importAddress: Guid(aa0ee2b898faebd44b3b1def99fb7ab4) Importer(2089858483,b0f066a214c2f5e87bad3c948f4d605d)
Start importing Assets/Plugins/FMOD/platforms/html5/lib/3.1.39/libfmodstudioL.a using Guid(aa0ee2b898faebd44b3b1def99fb7ab4) Importer(2089858483,b0f066a214c2f5e87bad3c948f4d605d) (ScriptedImporter) -> (Import Result ID: '2dc494e03159e67e47cfa29edd6a3b55') in 0.001335792 seconds [static and dynamic dependencies]. Details - ImportResultOutputID=78bd65cc2afbf98073d84c26aac5acea DependenciesID=3c811147edb2c70c7d5783baf68faf30 StaticDependenciesID=0db7ae66956b5d5ccaf2ef5b2bbdc855 
Number of updated asset objects reloaded before import = 0Number of asset objects unloaded after import = 0

========================================================================
Received Import Request.
  Time since last request: 0.000042 seconds.
  path: Assets/Plugins/FMOD/platforms/android/lib/armeabi-v7a/libfmodstudioL.so
  importAddress: Guid(8de47c7524234f64fb6a7d661154b1a3) Importer(2089858483,b0f066a214c2f5e87bad3c948f4d605d)
Start importing Assets/Plugins/FMOD/platforms/android/lib/armeabi-v7a/libfmodstudioL.so using Guid(8de47c7524234f64fb6a7d661154b1a3) Importer(2089858483,b0f066a214c2f5e87bad3c948f4d605d) (ScriptedImporter) -> (Import Result ID: '5a87664f7acf1f960bfe6987b34f946b') in 0.001566833 seconds [static and dynamic dependencies]. Details - ImportResultOutputID=1c0818676bfa3589ca36e1dc6634e161 DependenciesID=ae25fe0f2a7e5bbb3e36a2c2ee7ae978 StaticDependenciesID=1c001cd3916a94da1a6acd22e41a8d92 
Number of updated asset objects reloaded before import = 0Number of asset objects unloaded after import = 0

========================================================================
Received Import Request.
  Time since last request: 0.000037 seconds.
  path: Assets/Plugins/FMOD/platforms/uwp/lib/x64/fmodstudio.dll
  importAddress: Guid(29800d7cce1a5fc46ae163c8a68d8346) Importer(2089858483,b0f066a214c2f5e87bad3c948f4d605d)
Start importing Assets/Plugins/FMOD/platforms/uwp/lib/x64/fmodstudio.dll using Guid(29800d7cce1a5fc46ae163c8a68d8346) Importer(2089858483,b0f066a214c2f5e87bad3c948f4d605d) (ScriptedImporter) -> (Import Result ID: 'f4b44680eca4889875dcccfeb631b771') in 0.001740125 seconds [static and dynamic dependencies]. Details - ImportResultOutputID=ef5460bcdf121c86bc61ed0588652a48 DependenciesID=07c72dc4a7230cbfd5ff2f5f427bb7f9 StaticDependenciesID=4a5dd3ece7d5605e8d98efe8ef655b7f 
Number of updated asset objects reloaded before import = 0Number of asset objects unloaded after import = 0

========================================================================
Received Prepare
Begin MonoManager ReloadAssembly
Thread 0x32be8b000 may have been prematurely finalized
Assembly Assembly-CSharp-Editor-firstpass.dll at Library/ScriptAssemblies/Assembly-CSharp-Editor-firstpass.dll not valid. Loading of assembly skipped.
Assembly Assembly-CSharp-Editor.dll at Library/ScriptAssemblies/Assembly-CSharp-Editor.dll not valid. Loading of assembly skipped.
Assembly Assembly-CSharp-firstpass.dll at Library/ScriptAssemblies/Assembly-CSharp-firstpass.dll not valid. Loading of assembly skipped.
Assembly DocCodeExamples.dll at Library/ScriptAssemblies/DocCodeExamples.dll not valid. Loading of assembly skipped.
Assembly TestNewCustomAssembly.dll at Library/ScriptAssemblies/TestNewCustomAssembly.dll not valid. Loading of assembly skipped.
Assembly Unity.Multiplayer.Center.Editor.Tests.dll at Library/ScriptAssemblies/Unity.Multiplayer.Center.Editor.Tests.dll not valid. Loading of assembly skipped.
Assembly Unity.Multiplayer.Center.Tests.dll at Library/ScriptAssemblies/Unity.Multiplayer.Center.Tests.dll not valid. Loading of assembly skipped.
Assembly Unity.Performance.Profile-Analyzer.EditorTests.dll at Library/ScriptAssemblies/Unity.Performance.Profile-Analyzer.EditorTests.dll not valid. Loading of assembly skipped.
Assembly Unity.Settings.Tests.dll at Library/ScriptAssemblies/Unity.Settings.Tests.dll not valid. Loading of assembly skipped.
Assembly Unity.TestTools.CodeCoverage.Editor.Compatibility.dll at Library/ScriptAssemblies/Unity.TestTools.CodeCoverage.Editor.Compatibility.dll not valid. Loading of assembly skipped.
Assembly Unity.TextMeshPro.Editor.Tests.dll at Library/ScriptAssemblies/Unity.TextMeshPro.Editor.Tests.dll not valid. Loading of assembly skipped.
Assembly Unity.TextMeshPro.Tests.dll at Library/ScriptAssemblies/Unity.TextMeshPro.Tests.dll not valid. Loading of assembly skipped.
Assembly UnityEditor.UI.Common.Tests.dll at Library/ScriptAssemblies/UnityEditor.UI.Common.Tests.dll not valid. Loading of assembly skipped.
Assembly UnityEditor.UI.EditorTests.dll at Library/ScriptAssemblies/UnityEditor.UI.EditorTests.dll not valid. Loading of assembly skipped.
Assembly UnityEngine.UI.Tests.dll at Library/ScriptAssemblies/UnityEngine.UI.Tests.dll not valid. Loading of assembly skipped.
Refreshing native plugins compatible for Editor in 2.60 ms, found 4 plugins.
Native extension for OSXStandalone target not found
[Package Manager] Failed to launch server process. Reason: Unity was launched with the -noUpm command-line argument
[Package Manager] Unable to send message (not connected to server process).
[Package Manager] Cannot connect to Unity Package Manager local server
[Package Manager] Failed to launch server process. Reason: Unity was launched with the -noUpm command-line argument
[Package Manager] Unable to send message (not connected to server process).
[Package Manager] Cannot connect to Unity Package Manager local server
Refreshing native plugins compatible for Editor in 2.94 ms, found 4 plugins.
ScheduleIndexationOnStartup MainProcess:False IndexOnStartup:True
Mono: successfully reloaded assembly
- Finished resetting the current domain, in  0.418 seconds
Domain Reload Profiling: 843ms
	BeginReloadAssembly (119ms)
		DisableScriptedObjects (4ms)
		CreateAndSetChildDomain (39ms)
	RebuildCommonClasses (37ms)
	RebuildNativeTypeToScriptingClass (12ms)
	initialDomainReloadingComplete (24ms)
	LoadAllAssembliesAndSetupDomain (233ms)
		LoadAssemblies (145ms)
		AnalyzeDomain (123ms)
			TypeCache.Refresh (5ms)
			BuildScriptInfoCaches (112ms)
			ResolveRequiredComponents (4ms)
	FinalizeReload (418ms)
		SetupLoadedEditorAssemblies (0ms)
			BeforeProcessingInitializeOnLoad (94ms)
			ProcessInitializeOnLoadAttributes (173ms)
			ProcessInitializeOnLoadMethodAttributes (35ms)
Refreshing native plugins compatible for Editor in 2.61 ms, found 4 plugins.
Unloading 0 Unused Serialized files (Serialized files now loaded: 0)
Unloading 3632 unused Assets / (0.5 MB). Loaded Objects now: 4152.
Memory consumption went from 97.4 MB to 96.8 MB.
Total: 4.491000 ms (FindLiveObjects: 0.164709 ms CreateObjectMapping: 0.083458 ms MarkObjects: 3.746083 ms  DeleteObjects: 0.496542 ms)

Prepare: number of updated asset objects reloaded= 0
========================================================================
Received Prepare
Begin MonoManager ReloadAssembly
[Licensing::Client] Successfully resolved entitlement details
Thread 0x16e0d7000 may have been prematurely finalized
Assembly Assembly-CSharp-Editor-firstpass.dll at Library/ScriptAssemblies/Assembly-CSharp-Editor-firstpass.dll not valid. Loading of assembly skipped.
Assembly Assembly-CSharp-Editor.dll at Library/ScriptAssemblies/Assembly-CSharp-Editor.dll not valid. Loading of assembly skipped.
Assembly Assembly-CSharp-firstpass.dll at Library/ScriptAssemblies/Assembly-CSharp-firstpass.dll not valid. Loading of assembly skipped.
Assembly DocCodeExamples.dll at Library/ScriptAssemblies/DocCodeExamples.dll not valid. Loading of assembly skipped.
Assembly TestNewCustomAssembly.dll at Library/ScriptAssemblies/TestNewCustomAssembly.dll not valid. Loading of assembly skipped.
Assembly Unity.Multiplayer.Center.Editor.Tests.dll at Library/ScriptAssemblies/Unity.Multiplayer.Center.Editor.Tests.dll not valid. Loading of assembly skipped.
Assembly Unity.Multiplayer.Center.Tests.dll at Library/ScriptAssemblies/Unity.Multiplayer.Center.Tests.dll not valid. Loading of assembly skipped.
Assembly Unity.Performance.Profile-Analyzer.EditorTests.dll at Library/ScriptAssemblies/Unity.Performance.Profile-Analyzer.EditorTests.dll not valid. Loading of assembly skipped.
Assembly Unity.Settings.Tests.dll at Library/ScriptAssemblies/Unity.Settings.Tests.dll not valid. Loading of assembly skipped.
Assembly Unity.TestTools.CodeCoverage.Editor.Compatibility.dll at Library/ScriptAssemblies/Unity.TestTools.CodeCoverage.Editor.Compatibility.dll not valid. Loading of assembly skipped.
Assembly Unity.TextMeshPro.Editor.Tests.dll at Library/ScriptAssemblies/Unity.TextMeshPro.Editor.Tests.dll not valid. Loading of assembly skipped.
Assembly Unity.TextMeshPro.Tests.dll at Library/ScriptAssemblies/Unity.TextMeshPro.Tests.dll not valid. Loading of assembly skipped.
Assembly UnityEditor.UI.Common.Tests.dll at Library/ScriptAssemblies/UnityEditor.UI.Common.Tests.dll not valid. Loading of assembly skipped.
Assembly UnityEditor.UI.EditorTests.dll at Library/ScriptAssemblies/UnityEditor.UI.EditorTests.dll not valid. Loading of assembly skipped.
Assembly UnityEngine.UI.Tests.dll at Library/ScriptAssemblies/UnityEngine.UI.Tests.dll not valid. Loading of assembly skipped.
Refreshing native plugins compatible for Editor in 2.63 ms, found 4 plugins.
Native extension for OSXStandalone target not found
[Package Manager] Failed to launch server process. Reason: Unity was launched with the -noUpm command-line argument
[Package Manager] Unable to send message (not connected to server process).
[Package Manager] Cannot connect to Unity Package Manager local server
[Package Manager] Failed to launch server process. Reason: Unity was launched with the -noUpm command-line argument
[Package Manager] Unable to send message (not connected to server process).
[Package Manager] Cannot connect to Unity Package Manager local server
Refreshing native plugins compatible for Editor in 2.68 ms, found 4 plugins.
ScheduleIndexationOnStartup MainProcess:False IndexOnStartup:True
Mono: successfully reloaded assembly
- Finished resetting the current domain, in  0.437 seconds
Domain Reload Profiling: 845ms
	BeginReloadAssembly (115ms)
		DisableScriptedObjects (4ms)
		CreateAndSetChildDomain (36ms)
	RebuildCommonClasses (34ms)
	RebuildNativeTypeToScriptingClass (12ms)
	initialDomainReloadingComplete (22ms)
	LoadAllAssembliesAndSetupDomain (226ms)
		LoadAssemblies (137ms)
		AnalyzeDomain (122ms)
			TypeCache.Refresh (5ms)
			BuildScriptInfoCaches (111ms)
			ResolveRequiredComponents (4ms)
	FinalizeReload (437ms)
		SetupLoadedEditorAssemblies (0ms)
			BeforeProcessingInitializeOnLoad (96ms)
			ProcessInitializeOnLoadAttributes (182ms)
			ProcessInitializeOnLoadMethodAttributes (35ms)
		AwakeInstancesAfterBackupRestoration (3ms)
Refreshing native plugins compatible for Editor in 2.55 ms, found 4 plugins.
Unloading 0 Unused Serialized files (Serialized files now loaded: 0)
Unloading 3632 unused Assets / (0.6 MB). Loaded Objects now: 4153.
Memory consumption went from 95.8 MB to 95.3 MB.
Total: 5.497750 ms (FindLiveObjects: 0.197000 ms CreateObjectMapping: 0.101834 ms MarkObjects: 4.627584 ms  DeleteObjects: 0.570875 ms)

Prepare: number of updated asset objects reloaded= 0
========================================================================
Received Prepare
Begin MonoManager ReloadAssembly
[Licensing::Client] Successfully resolved entitlement details
Thread 0x16dd2f000 may have been prematurely finalized
Assembly Assembly-CSharp-Editor-firstpass.dll at Library/ScriptAssemblies/Assembly-CSharp-Editor-firstpass.dll not valid. Loading of assembly skipped.
Assembly Assembly-CSharp-Editor.dll at Library/ScriptAssemblies/Assembly-CSharp-Editor.dll not valid. Loading of assembly skipped.
Assembly Assembly-CSharp-firstpass.dll at Library/ScriptAssemblies/Assembly-CSharp-firstpass.dll not valid. Loading of assembly skipped.
Assembly DocCodeExamples.dll at Library/ScriptAssemblies/DocCodeExamples.dll not valid. Loading of assembly skipped.
Assembly TestNewCustomAssembly.dll at Library/ScriptAssemblies/TestNewCustomAssembly.dll not valid. Loading of assembly skipped.
Assembly Unity.Multiplayer.Center.Editor.Tests.dll at Library/ScriptAssemblies/Unity.Multiplayer.Center.Editor.Tests.dll not valid. Loading of assembly skipped.
Assembly Unity.Multiplayer.Center.Tests.dll at Library/ScriptAssemblies/Unity.Multiplayer.Center.Tests.dll not valid. Loading of assembly skipped.
Assembly Unity.Performance.Profile-Analyzer.EditorTests.dll at Library/ScriptAssemblies/Unity.Performance.Profile-Analyzer.EditorTests.dll not valid. Loading of assembly skipped.
Assembly Unity.Settings.Tests.dll at Library/ScriptAssemblies/Unity.Settings.Tests.dll not valid. Loading of assembly skipped.
Assembly Unity.TestTools.CodeCoverage.Editor.Compatibility.dll at Library/ScriptAssemblies/Unity.TestTools.CodeCoverage.Editor.Compatibility.dll not valid. Loading of assembly skipped.
Assembly Unity.TextMeshPro.Editor.Tests.dll at Library/ScriptAssemblies/Unity.TextMeshPro.Editor.Tests.dll not valid. Loading of assembly skipped.
Assembly Unity.TextMeshPro.Tests.dll at Library/ScriptAssemblies/Unity.TextMeshPro.Tests.dll not valid. Loading of assembly skipped.
Assembly UnityEditor.UI.Common.Tests.dll at Library/ScriptAssemblies/UnityEditor.UI.Common.Tests.dll not valid. Loading of assembly skipped.
Assembly UnityEditor.UI.EditorTests.dll at Library/ScriptAssemblies/UnityEditor.UI.EditorTests.dll not valid. Loading of assembly skipped.
Assembly UnityEngine.UI.Tests.dll at Library/ScriptAssemblies/UnityEngine.UI.Tests.dll not valid. Loading of assembly skipped.
Refreshing native plugins compatible for Editor in 2.82 ms, found 4 plugins.
Native extension for OSXStandalone target not found
[Package Manager] Failed to launch server process. Reason: Unity was launched with the -noUpm command-line argument
[Package Manager] Unable to send message (not connected to server process).
[Package Manager] Cannot connect to Unity Package Manager local server
[Package Manager] Failed to launch server process. Reason: Unity was launched with the -noUpm command-line argument
[Package Manager] Unable to send message (not connected to server process).
[Package Manager] Cannot connect to Unity Package Manager local server
Refreshing native plugins compatible for Editor in 3.05 ms, found 4 plugins.
ScheduleIndexationOnStartup MainProcess:False IndexOnStartup:True
Mono: successfully reloaded assembly
- Finished resetting the current domain, in  0.427 seconds
Domain Reload Profiling: 849ms
	BeginReloadAssembly (114ms)
		DisableScriptedObjects (4ms)
		CreateAndSetChildDomain (34ms)
	RebuildCommonClasses (36ms)
	RebuildNativeTypeToScriptingClass (12ms)
	initialDomainReloadingComplete (24ms)
	LoadAllAssembliesAndSetupDomain (235ms)
		LoadAssemblies (146ms)
		AnalyzeDomain (123ms)
			TypeCache.Refresh (5ms)
			BuildScriptInfoCaches (112ms)
			ResolveRequiredComponents (4ms)
	FinalizeReload (428ms)
		SetupLoadedEditorAssemblies (0ms)
			BeforeProcessingInitializeOnLoad (97ms)
			ProcessInitializeOnLoadAttributes (177ms)
			ProcessInitializeOnLoadMethodAttributes (34ms)
		AwakeInstancesAfterBackupRestoration (3ms)
Refreshing native plugins compatible for Editor in 3.24 ms, found 4 plugins.
Unloading 0 Unused Serialized files (Serialized files now loaded: 0)
Unloading 3632 unused Assets / (482.0 KB). Loaded Objects now: 4154.
Memory consumption went from 95.8 MB to 95.4 MB.
Total: 4.595250 ms (FindLiveObjects: 0.181167 ms CreateObjectMapping: 0.119791 ms MarkObjects: 3.823709 ms  DeleteObjects: 0.470375 ms)

Prepare: number of updated asset objects reloaded= 0
========================================================================
Received Prepare
Begin MonoManager ReloadAssembly
Thread 0x16dd2f000 may have been prematurely finalized
Assembly Assembly-CSharp-Editor-firstpass.dll at Library/ScriptAssemblies/Assembly-CSharp-Editor-firstpass.dll not valid. Loading of assembly skipped.
Assembly Assembly-CSharp-Editor.dll at Library/ScriptAssemblies/Assembly-CSharp-Editor.dll not valid. Loading of assembly skipped.
Assembly Assembly-CSharp-firstpass.dll at Library/ScriptAssemblies/Assembly-CSharp-firstpass.dll not valid. Loading of assembly skipped.
Assembly DocCodeExamples.dll at Library/ScriptAssemblies/DocCodeExamples.dll not valid. Loading of assembly skipped.
Assembly TestNewCustomAssembly.dll at Library/ScriptAssemblies/TestNewCustomAssembly.dll not valid. Loading of assembly skipped.
Assembly Unity.Multiplayer.Center.Editor.Tests.dll at Library/ScriptAssemblies/Unity.Multiplayer.Center.Editor.Tests.dll not valid. Loading of assembly skipped.
Assembly Unity.Multiplayer.Center.Tests.dll at Library/ScriptAssemblies/Unity.Multiplayer.Center.Tests.dll not valid. Loading of assembly skipped.
Assembly Unity.Performance.Profile-Analyzer.EditorTests.dll at Library/ScriptAssemblies/Unity.Performance.Profile-Analyzer.EditorTests.dll not valid. Loading of assembly skipped.
Assembly Unity.Settings.Tests.dll at Library/ScriptAssemblies/Unity.Settings.Tests.dll not valid. Loading of assembly skipped.
Assembly Unity.TestTools.CodeCoverage.Editor.Compatibility.dll at Library/ScriptAssemblies/Unity.TestTools.CodeCoverage.Editor.Compatibility.dll not valid. Loading of assembly skipped.
Assembly Unity.TextMeshPro.Editor.Tests.dll at Library/ScriptAssemblies/Unity.TextMeshPro.Editor.Tests.dll not valid. Loading of assembly skipped.
Assembly Unity.TextMeshPro.Tests.dll at Library/ScriptAssemblies/Unity.TextMeshPro.Tests.dll not valid. Loading of assembly skipped.
Assembly UnityEditor.UI.Common.Tests.dll at Library/ScriptAssemblies/UnityEditor.UI.Common.Tests.dll not valid. Loading of assembly skipped.
Assembly UnityEditor.UI.EditorTests.dll at Library/ScriptAssemblies/UnityEditor.UI.EditorTests.dll not valid. Loading of assembly skipped.
Assembly UnityEngine.UI.Tests.dll at Library/ScriptAssemblies/UnityEngine.UI.Tests.dll not valid. Loading of assembly skipped.
Refreshing native plugins compatible for Editor in 2.85 ms, found 4 plugins.
Native extension for OSXStandalone target not found
[Package Manager] Failed to launch server process. Reason: Unity was launched with the -noUpm command-line argument
[Package Manager] Unable to send message (not connected to server process).
[Package Manager] Cannot connect to Unity Package Manager local server
[Package Manager] Failed to launch server process. Reason: Unity was launched with the -noUpm command-line argument
[Package Manager] Unable to send message (not connected to server process).
[Package Manager] Cannot connect to Unity Package Manager local server
Refreshing native plugins compatible for Editor in 3.12 ms, found 4 plugins.
ScheduleIndexationOnStartup MainProcess:False IndexOnStartup:True
Mono: successfully reloaded assembly
- Finished resetting the current domain, in  0.441 seconds
Domain Reload Profiling: 865ms
	BeginReloadAssembly (113ms)
		DisableScriptedObjects (4ms)
		CreateAndSetChildDomain (33ms)
	RebuildCommonClasses (38ms)
	RebuildNativeTypeToScriptingClass (12ms)
	initialDomainReloadingComplete (25ms)
	LoadAllAssembliesAndSetupDomain (237ms)
		LoadAssemblies (147ms)
		AnalyzeDomain (124ms)
			TypeCache.Refresh (5ms)
			BuildScriptInfoCaches (113ms)
			ResolveRequiredComponents (4ms)
	FinalizeReload (441ms)
		SetupLoadedEditorAssemblies (0ms)
			BeforeProcessingInitializeOnLoad (96ms)
			ProcessInitializeOnLoadAttributes (185ms)
			ProcessInitializeOnLoadMethodAttributes (37ms)
		AwakeInstancesAfterBackupRestoration (3ms)
Refreshing native plugins compatible for Editor in 2.98 ms, found 4 plugins.
Unloading 0 Unused Serialized files (Serialized files now loaded: 0)
Unloading 3632 unused Assets / (0.7 MB). Loaded Objects now: 4155.
Memory consumption went from 95.8 MB to 95.2 MB.
Total: 4.578875 ms (FindLiveObjects: 0.165708 ms CreateObjectMapping: 0.089250 ms MarkObjects: 3.826375 ms  DeleteObjects: 0.496875 ms)

Prepare: number of updated asset objects reloaded= 0
========================================================================
Received Prepare
Begin MonoManager ReloadAssembly
Thread 0x16e187000 may have been prematurely finalized
Assembly Assembly-CSharp-Editor-firstpass.dll at Library/ScriptAssemblies/Assembly-CSharp-Editor-firstpass.dll not valid. Loading of assembly skipped.
Assembly Assembly-CSharp-Editor.dll at Library/ScriptAssemblies/Assembly-CSharp-Editor.dll not valid. Loading of assembly skipped.
Assembly Assembly-CSharp-firstpass.dll at Library/ScriptAssemblies/Assembly-CSharp-firstpass.dll not valid. Loading of assembly skipped.
Assembly DocCodeExamples.dll at Library/ScriptAssemblies/DocCodeExamples.dll not valid. Loading of assembly skipped.
Assembly TestNewCustomAssembly.dll at Library/ScriptAssemblies/TestNewCustomAssembly.dll not valid. Loading of assembly skipped.
Assembly Unity.Multiplayer.Center.Editor.Tests.dll at Library/ScriptAssemblies/Unity.Multiplayer.Center.Editor.Tests.dll not valid. Loading of assembly skipped.
Assembly Unity.Multiplayer.Center.Tests.dll at Library/ScriptAssemblies/Unity.Multiplayer.Center.Tests.dll not valid. Loading of assembly skipped.
Assembly Unity.Performance.Profile-Analyzer.EditorTests.dll at Library/ScriptAssemblies/Unity.Performance.Profile-Analyzer.EditorTests.dll not valid. Loading of assembly skipped.
Assembly Unity.Settings.Tests.dll at Library/ScriptAssemblies/Unity.Settings.Tests.dll not valid. Loading of assembly skipped.
Assembly Unity.TestTools.CodeCoverage.Editor.Compatibility.dll at Library/ScriptAssemblies/Unity.TestTools.CodeCoverage.Editor.Compatibility.dll not valid. Loading of assembly skipped.
Assembly Unity.TextMeshPro.Editor.Tests.dll at Library/ScriptAssemblies/Unity.TextMeshPro.Editor.Tests.dll not valid. Loading of assembly skipped.
Assembly Unity.TextMeshPro.Tests.dll at Library/ScriptAssemblies/Unity.TextMeshPro.Tests.dll not valid. Loading of assembly skipped.
Assembly UnityEditor.UI.Common.Tests.dll at Library/ScriptAssemblies/UnityEditor.UI.Common.Tests.dll not valid. Loading of assembly skipped.
Assembly UnityEditor.UI.EditorTests.dll at Library/ScriptAssemblies/UnityEditor.UI.EditorTests.dll not valid. Loading of assembly skipped.
Assembly UnityEngine.UI.Tests.dll at Library/ScriptAssemblies/UnityEngine.UI.Tests.dll not valid. Loading of assembly skipped.
Refreshing native plugins compatible for Editor in 2.62 ms, found 4 plugins.
Native extension for OSXStandalone target not found
[Package Manager] Failed to launch server process. Reason: Unity was launched with the -noUpm command-line argument
[Package Manager] Unable to send message (not connected to server process).
[Package Manager] Cannot connect to Unity Package Manager local server
[Package Manager] Failed to launch server process. Reason: Unity was launched with the -noUpm command-line argument
[Package Manager] Unable to send message (not connected to server process).
[Package Manager] Cannot connect to Unity Package Manager local server
Refreshing native plugins compatible for Editor in 2.64 ms, found 4 plugins.
ScheduleIndexationOnStartup MainProcess:False IndexOnStartup:True
Mono: successfully reloaded assembly
- Finished resetting the current domain, in  0.422 seconds
Domain Reload Profiling: 843ms
	BeginReloadAssembly (116ms)
		DisableScriptedObjects (4ms)
		CreateAndSetChildDomain (35ms)
	RebuildCommonClasses (36ms)
	RebuildNativeTypeToScriptingClass (12ms)
	initialDomainReloadingComplete (23ms)
	LoadAllAssembliesAndSetupDomain (233ms)
		LoadAssemblies (145ms)
		AnalyzeDomain (123ms)
			TypeCache.Refresh (5ms)
			BuildScriptInfoCaches (112ms)
			ResolveRequiredComponents (4ms)
	FinalizeReload (422ms)
		SetupLoadedEditorAssemblies (0ms)
			BeforeProcessingInitializeOnLoad (99ms)
			ProcessInitializeOnLoadAttributes (169ms)
			ProcessInitializeOnLoadMethodAttributes (33ms)
Refreshing native plugins compatible for Editor in 2.76 ms, found 4 plugins.
Unloading 0 Unused Serialized files (Serialized files now loaded: 0)
Unloading 3632 unused Assets / (0.7 MB). Loaded Objects now: 4156.
Memory consumption went from 95.9 MB to 95.2 MB.
Total: 4.464625 ms (FindLiveObjects: 0.154958 ms CreateObjectMapping: 0.086500 ms MarkObjects: 3.759667 ms  DeleteObjects: 0.462625 ms)

Prepare: number of updated asset objects reloaded= 0
